[29-Mar-2026 08:42:37 America/Bogota] PHP Deprecated:  Function utf8_decode() is deprecated since 8.2, visit the php.net documentation for various alternatives in C:\laragon\www\flores\app\services\PdfService.php on line 33
[29-Mar-2026 08:42:37 America/Bogota] PHP Deprecated:  Function utf8_decode() is deprecated since 8.2, visit the php.net documentation for various alternatives in C:\laragon\www\flores\app\services\PdfService.php on line 35
[29-Mar-2026 08:42:37 America/Bogota] PHP Deprecated:  Function utf8_decode() is deprecated since 8.2, visit the php.net documentation for various alternatives in C:\laragon\www\flores\app\services\PdfService.php on line 39
[29-Mar-2026 08:42:37 America/Bogota] PHP Deprecated:  Function utf8_decode() is deprecated since 8.2, visit the php.net documentation for various alternatives in C:\laragon\www\flores\app\services\PdfService.php on line 60
[29-Mar-2026 08:42:37 America/Bogota] PHP Deprecated:  Function utf8_decode() is deprecated since 8.2, visit the php.net documentation for various alternatives in C:\laragon\www\flores\app\services\PdfService.php on line 71
[29-Mar-2026 08:42:37 America/Bogota] PHP Deprecated:  Function utf8_decode() is deprecated since 8.2, visit the php.net documentation for various alternatives in C:\laragon\www\flores\app\services\PdfService.php on line 97
[29-Mar-2026 08:42:37 America/Bogota] PHP Deprecated:  Function utf8_decode() is deprecated since 8.2, visit the php.net documentation for various alternatives in C:\laragon\www\flores\app\services\PdfService.php on line 99
[29-Mar-2026 08:42:37 America/Bogota] PHP Deprecated:  Function utf8_decode() is deprecated since 8.2, visit the php.net documentation for various alternatives in C:\laragon\www\flores\app\services\PdfService.php on line 100
[29-Mar-2026 08:42:37 America/Bogota] PHP Deprecated:  Function utf8_decode() is deprecated since 8.2, visit the php.net documentation for various alternatives in C:\laragon\www\flores\app\services\PdfService.php on line 101
[29-Mar-2026 08:42:37 America/Bogota] PHP Deprecated:  Function utf8_decode() is deprecated since 8.2, visit the php.net documentation for various alternatives in C:\laragon\www\flores\app\services\PdfService.php on line 113
[29-Mar-2026 08:42:37 America/Bogota] PHP Deprecated:  Function utf8_decode() is deprecated since 8.2, visit the php.net documentation for various alternatives in C:\laragon\www\flores\app\services\PdfService.php on line 122
[29-Mar-2026 08:42:37 America/Bogota] PHP Deprecated:  Function utf8_decode() is deprecated since 8.2, visit the php.net documentation for various alternatives in C:\laragon\www\flores\app\services\PdfService.php on line 133
[29-Mar-2026 08:42:37 America/Bogota] PHP Deprecated:  Function utf8_decode() is deprecated since 8.2, visit the php.net documentation for various alternatives in C:\laragon\www\flores\app\services\PdfService.php on line 137
[29-Mar-2026 08:42:37 America/Bogota] PHP Deprecated:  Function utf8_decode() is deprecated since 8.2, visit the php.net documentation for various alternatives in C:\laragon\www\flores\app\services\PdfService.php on line 180
[29-Mar-2026 08:42:37 America/Bogota] PHP Deprecated:  Function utf8_decode() is deprecated since 8.2, visit the php.net documentation for various alternatives in C:\laragon\www\flores\app\services\PdfService.php on line 141
[29-Mar-2026 08:42:37 America/Bogota] PHP Deprecated:  Function utf8_decode() is deprecated since 8.2, visit the php.net documentation for various alternatives in C:\laragon\www\flores\app\services\PdfService.php on line 180
[29-Mar-2026 08:42:37 America/Bogota] PHP Deprecated:  Function utf8_decode() is deprecated since 8.2, visit the php.net documentation for various alternatives in C:\laragon\www\flores\app\services\PdfService.php on line 180
[29-Mar-2026 08:48:19 America/Bogota] PHP Deprecated:  Function utf8_decode() is deprecated since 8.2, visit the php.net documentation for various alternatives in C:\laragon\www\flores\app\services\PdfService.php on line 33
[29-Mar-2026 08:48:19 America/Bogota] PHP Deprecated:  Function utf8_decode() is deprecated since 8.2, visit the php.net documentation for various alternatives in C:\laragon\www\flores\app\services\PdfService.php on line 35
[29-Mar-2026 08:48:19 America/Bogota] PHP Deprecated:  Function utf8_decode() is deprecated since 8.2, visit the php.net documentation for various alternatives in C:\laragon\www\flores\app\services\PdfService.php on line 39
[29-Mar-2026 08:48:19 America/Bogota] PHP Deprecated:  Function utf8_decode() is deprecated since 8.2, visit the php.net documentation for various alternatives in C:\laragon\www\flores\app\services\PdfService.php on line 60
[29-Mar-2026 08:48:19 America/Bogota] PHP Deprecated:  Function utf8_decode() is deprecated since 8.2, visit the php.net documentation for various alternatives in C:\laragon\www\flores\app\services\PdfService.php on line 71
[29-Mar-2026 08:48:19 America/Bogota] PHP Deprecated:  Function utf8_decode() is deprecated since 8.2, visit the php.net documentation for various alternatives in C:\laragon\www\flores\app\services\PdfService.php on line 97
[29-Mar-2026 08:48:19 America/Bogota] PHP Deprecated:  Function utf8_decode() is deprecated since 8.2, visit the php.net documentation for various alternatives in C:\laragon\www\flores\app\services\PdfService.php on line 99
[29-Mar-2026 08:48:19 America/Bogota] PHP Deprecated:  Function utf8_decode() is deprecated since 8.2, visit the php.net documentation for various alternatives in C:\laragon\www\flores\app\services\PdfService.php on line 100
[29-Mar-2026 08:48:19 America/Bogota] PHP Deprecated:  Function utf8_decode() is deprecated since 8.2, visit the php.net documentation for various alternatives in C:\laragon\www\flores\app\services\PdfService.php on line 101
[29-Mar-2026 08:48:19 America/Bogota] PHP Deprecated:  Function utf8_decode() is deprecated since 8.2, visit the php.net documentation for various alternatives in C:\laragon\www\flores\app\services\PdfService.php on line 113
[29-Mar-2026 08:48:19 America/Bogota] PHP Deprecated:  Function utf8_decode() is deprecated since 8.2, visit the php.net documentation for various alternatives in C:\laragon\www\flores\app\services\PdfService.php on line 122
[29-Mar-2026 08:48:19 America/Bogota] PHP Deprecated:  Function utf8_decode() is deprecated since 8.2, visit the php.net documentation for various alternatives in C:\laragon\www\flores\app\services\PdfService.php on line 133
[29-Mar-2026 08:48:19 America/Bogota] PHP Deprecated:  Function utf8_decode() is deprecated since 8.2, visit the php.net documentation for various alternatives in C:\laragon\www\flores\app\services\PdfService.php on line 137
[29-Mar-2026 08:48:19 America/Bogota] PHP Deprecated:  Function utf8_decode() is deprecated since 8.2, visit the php.net documentation for various alternatives in C:\laragon\www\flores\app\services\PdfService.php on line 180
[29-Mar-2026 08:48:19 America/Bogota] PHP Deprecated:  Function utf8_decode() is deprecated since 8.2, visit the php.net documentation for various alternatives in C:\laragon\www\flores\app\services\PdfService.php on line 141
[29-Mar-2026 08:48:19 America/Bogota] PHP Deprecated:  Function utf8_decode() is deprecated since 8.2, visit the php.net documentation for various alternatives in C:\laragon\www\flores\app\services\PdfService.php on line 180
[29-Mar-2026 08:48:19 America/Bogota] PHP Deprecated:  Function utf8_decode() is deprecated since 8.2, visit the php.net documentation for various alternatives in C:\laragon\www\flores\app\services\PdfService.php on line 180
[29-Mar-2026 09:29:41 America/Bogota] PHP Deprecated:  Method ReflectionMethod::setAccessible() is deprecated since 8.5, as it has no effect since PHP 8.1 in C:\laragon\www\flores\test_eliminar_area.php on line 29
[30-Mar-2026 15:42:50 America/Bogota] DashboardController::index - could not find driver
[30-Mar-2026 15:43:28 America/Bogota] PHP Fatal error:  Uncaught PDOException: could not find driver in C:\laragon\www\flores\app\models\Database.php:13
Stack trace:
#0 C:\laragon\www\flores\app\models\Database.php(13): PDO->__construct('mysql:host=loca...', 'marioCano', Object(SensitiveParameterValue), Array)
#1 C:\laragon\www\flores\app\models\Database.php(19): Database->__construct()
#2 C:\laragon\www\flores\app\models\Solicitud.php(10): Database::getInstance()
#3 C:\laragon\www\flores\app\services\SolicitudService.php(21): Solicitud->__construct()
#4 C:\laragon\www\flores\app\controllers\SolicitudController.php(14): SolicitudService->__construct()
#5 C:\laragon\www\flores\public\index.php(92): SolicitudController->__construct()
#6 {main}
  thrown in C:\laragon\www\flores\app\models\Database.php on line 13
[30-Mar-2026 15:46:24 America/Bogota] PHP Fatal error:  Uncaught PDOException: could not find driver in C:\laragon\www\flores\app\models\Database.php:13
Stack trace:
#0 C:\laragon\www\flores\app\models\Database.php(13): PDO->__construct('mysql:host=loca...', 'marioCano', Object(SensitiveParameterValue), Array)
#1 C:\laragon\www\flores\app\models\Database.php(19): Database->__construct()
#2 C:\laragon\www\flores\app\models\Solicitud.php(10): Database::getInstance()
#3 C:\laragon\www\flores\app\services\SolicitudService.php(21): Solicitud->__construct()
#4 C:\laragon\www\flores\app\controllers\SolicitudController.php(14): SolicitudService->__construct()
#5 C:\laragon\www\flores\public\index.php(92): SolicitudController->__construct()
#6 {main}
  thrown in C:\laragon\www\flores\app\models\Database.php on line 13
[30-Mar-2026 15:46:29 America/Bogota] PHP Fatal error:  Uncaught PDOException: could not find driver in C:\laragon\www\flores\app\models\Database.php:13
Stack trace:
#0 C:\laragon\www\flores\app\models\Database.php(13): PDO->__construct('mysql:host=loca...', 'marioCano', Object(SensitiveParameterValue), Array)
#1 C:\laragon\www\flores\app\models\Database.php(19): Database->__construct()
#2 C:\laragon\www\flores\app\models\Solicitud.php(10): Database::getInstance()
#3 C:\laragon\www\flores\app\services\SolicitudService.php(21): Solicitud->__construct()
#4 C:\laragon\www\flores\app\controllers\SolicitudController.php(14): SolicitudService->__construct()
#5 C:\laragon\www\flores\public\index.php(92): SolicitudController->__construct()
#6 {main}
  thrown in C:\laragon\www\flores\app\models\Database.php on line 13
[30-Mar-2026 15:46:35 America/Bogota] DashboardController::index - could not find driver
[30-Mar-2026 15:56:32 America/Bogota] DashboardController::index - could not find driver
[30-Mar-2026 16:00:00 America/Bogota] DashboardController::index - could not find driver
[30-Mar-2026 16:00:03 America/Bogota] PHP Fatal error:  Uncaught PDOException: could not find driver in C:\laragon\www\flores\app\models\Database.php:13
Stack trace:
#0 C:\laragon\www\flores\app\models\Database.php(13): PDO->__construct('mysql:host=loca...', 'marioCano', Object(SensitiveParameterValue), Array)
#1 C:\laragon\www\flores\app\models\Database.php(19): Database->__construct()
#2 C:\laragon\www\flores\app\models\Solicitud.php(10): Database::getInstance()
#3 C:\laragon\www\flores\app\services\SolicitudService.php(21): Solicitud->__construct()
#4 C:\laragon\www\flores\app\controllers\SolicitudController.php(14): SolicitudService->__construct()
#5 C:\laragon\www\flores\public\index.php(92): SolicitudController->__construct()
#6 {main}
  thrown in C:\laragon\www\flores\app\models\Database.php on line 13
[30-Mar-2026 16:00:06 America/Bogota] PHP Fatal error:  Uncaught PDOException: could not find driver in C:\laragon\www\flores\app\models\Database.php:13
Stack trace:
#0 C:\laragon\www\flores\app\models\Database.php(13): PDO->__construct('mysql:host=loca...', 'marioCano', Object(SensitiveParameterValue), Array)
#1 C:\laragon\www\flores\app\models\Database.php(19): Database->__construct()
#2 C:\laragon\www\flores\app\models\Sede.php(10): Database::getInstance()
#3 C:\laragon\www\flores\app\controllers\ReporteController.php(11): Sede->__construct()
#4 C:\laragon\www\flores\public\index.php(93): ReporteController->index()
#5 {main}
  thrown in C:\laragon\www\flores\app\models\Database.php on line 13
[30-Mar-2026 16:00:08 America/Bogota] PHP Fatal error:  Uncaught PDOException: could not find driver in C:\laragon\www\flores\app\models\Database.php:13
Stack trace:
#0 C:\laragon\www\flores\app\models\Database.php(13): PDO->__construct('mysql:host=loca...', 'marioCano', Object(SensitiveParameterValue), Array)
#1 C:\laragon\www\flores\app\models\Database.php(19): Database->__construct()
#2 C:\laragon\www\flores\app\models\CupoSede.php(10): Database::getInstance()
#3 C:\laragon\www\flores\app\services\CupoService.php(12): CupoSede->__construct()
#4 C:\laragon\www\flores\app\controllers\CupoController.php(11): CupoService->__construct()
#5 C:\laragon\www\flores\public\index.php(93): CupoController->index()
#6 {main}
  thrown in C:\laragon\www\flores\app\models\Database.php on line 13
[30-Mar-2026 16:00:13 America/Bogota] PHP Fatal error:  Uncaught PDOException: could not find driver in C:\laragon\www\flores\app\models\Database.php:13
Stack trace:
#0 C:\laragon\www\flores\app\models\Database.php(13): PDO->__construct('mysql:host=loca...', 'marioCano', Object(SensitiveParameterValue), Array)
#1 C:\laragon\www\flores\app\models\Database.php(19): Database->__construct()
#2 C:\laragon\www\flores\app\models\Solicitud.php(10): Database::getInstance()
#3 C:\laragon\www\flores\app\services\SolicitudService.php(21): Solicitud->__construct()
#4 C:\laragon\www\flores\app\controllers\SolicitudController.php(14): SolicitudService->__construct()
#5 C:\laragon\www\flores\public\index.php(92): SolicitudController->__construct()
#6 {main}
  thrown in C:\laragon\www\flores\app\models\Database.php on line 13
[30-Mar-2026 16:07:26 America/Bogota] DashboardController::index - could not find driver
[30-Mar-2026 16:07:29 America/Bogota] PHP Fatal error:  Uncaught PDOException: could not find driver in C:\laragon\www\flores\app\models\Database.php:13
Stack trace:
#0 C:\laragon\www\flores\app\models\Database.php(13): PDO->__construct('mysql:host=loca...', 'marioCano', Object(SensitiveParameterValue), Array)
#1 C:\laragon\www\flores\app\models\Database.php(19): Database->__construct()
#2 C:\laragon\www\flores\app\models\Solicitud.php(10): Database::getInstance()
#3 C:\laragon\www\flores\app\services\SolicitudService.php(21): Solicitud->__construct()
#4 C:\laragon\www\flores\app\controllers\SolicitudController.php(14): SolicitudService->__construct()
#5 C:\laragon\www\flores\public\index.php(92): SolicitudController->__construct()
#6 {main}
  thrown in C:\laragon\www\flores\app\models\Database.php on line 13
[31-Mar-2026 17:04:11 America/Bogota] PHP Warning:  Undefined array key "destinatario" in C:\laragon\www\flores\app\views\solicitudes\listar.php on line 87
[31-Mar-2026 17:04:11 America/Bogota] PHP Deprecated:  htmlspecialchars(): Passing null to parameter #1 ($string) of type string is deprecated in C:\laragon\www\flores\app\views\solicitudes\listar.php on line 87
[31-Mar-2026 17:04:11 America/Bogota] PHP Warning:  Undefined array key "destinatario" in C:\laragon\www\flores\app\views\solicitudes\listar.php on line 87
[31-Mar-2026 17:04:11 America/Bogota] PHP Deprecated:  htmlspecialchars(): Passing null to parameter #1 ($string) of type string is deprecated in C:\laragon\www\flores\app\views\solicitudes\listar.php on line 87
[31-Mar-2026 17:04:11 America/Bogota] PHP Warning:  Undefined array key "destinatario" in C:\laragon\www\flores\app\views\solicitudes\listar.php on line 87
[31-Mar-2026 17:04:11 America/Bogota] PHP Deprecated:  htmlspecialchars(): Passing null to parameter #1 ($string) of type string is deprecated in C:\laragon\www\flores\app\views\solicitudes\listar.php on line 87
[31-Mar-2026 17:04:11 America/Bogota] PHP Warning:  Undefined array key "destinatario" in C:\laragon\www\flores\app\views\solicitudes\listar.php on line 87
[31-Mar-2026 17:04:11 America/Bogota] PHP Deprecated:  htmlspecialchars(): Passing null to parameter #1 ($string) of type string is deprecated in C:\laragon\www\flores\app\views\solicitudes\listar.php on line 87
[31-Mar-2026 17:04:11 America/Bogota] PHP Warning:  Undefined array key "destinatario" in C:\laragon\www\flores\app\views\solicitudes\listar.php on line 87
[31-Mar-2026 17:04:11 America/Bogota] PHP Deprecated:  htmlspecialchars(): Passing null to parameter #1 ($string) of type string is deprecated in C:\laragon\www\flores\app\views\solicitudes\listar.php on line 87
[01-Apr-2026 22:22:33 America/Bogota] PHP Fatal error:  Uncaught PDOException: SQLSTATE[23000]: Integrity constraint violation: 1451 Cannot delete or update a parent row: a foreign key constraint fails (`flores_db`.`cupos_sede`, CONSTRAINT `fk_cupos_sede` FOREIGN KEY (`id_sede`) REFERENCES `sedes` (`id`) ON DELETE RESTRICT ON UPDATE CASCADE) in Command line code:6
Stack trace:
#0 Command line code(6): PDOStatement->execute(Array)
#1 {main}
  thrown in Command line code on line 6
[07-Apr-2026 16:42:17 America/Bogota] PHP Fatal error:  Uncaught PDOException: SQLSTATE[42S02]: Base table or view not found: 1146 Table 'flores_db.usuarios' doesn't exist in C:\laragon\www\flores\app\models\Usuario.php:15
Stack trace:
#0 C:\laragon\www\flores\app\models\Usuario.php(15): PDO->prepare('SELECT * FROM u...')
#1 C:\laragon\www\flores\app\middleware\Auth.php(65): Usuario->buscarPorUsername('admin@empresa.c...')
#2 C:\laragon\www\flores\app\controllers\AuthController.php(32): Auth::login('admin@empresa.c...', 'password123')
#3 C:\laragon\www\flores\public\index.php(181): AuthController->login()
#4 {main}
  thrown in C:\laragon\www\flores\app\models\Usuario.php on line 15
[07-Apr-2026 16:43:22 America/Bogota] PHP Fatal error:  Uncaught PDOException: SQLSTATE[42S02]: Base table or view not found: 1146 Table 'flores_db.usuarios' doesn't exist in C:\laragon\www\flores\app\models\Usuario.php:15
Stack trace:
#0 C:\laragon\www\flores\app\models\Usuario.php(15): PDO->prepare('SELECT * FROM u...')
#1 C:\laragon\www\flores\app\middleware\Auth.php(65): Usuario->buscarPorUsername('admin@empresa.c...')
#2 C:\laragon\www\flores\app\controllers\AuthController.php(32): Auth::login('admin@empresa.c...', 'password123')
#3 C:\laragon\www\flores\public\index.php(181): AuthController->login()
#4 {main}
  thrown in C:\laragon\www\flores\app\models\Usuario.php on line 15
[07-Apr-2026 16:43:35 America/Bogota] PHP Fatal error:  Uncaught PDOException: SQLSTATE[42S02]: Base table or view not found: 1146 Table 'flores_db.usuarios' doesn't exist in C:\laragon\www\flores\app\models\Usuario.php:15
Stack trace:
#0 C:\laragon\www\flores\app\models\Usuario.php(15): PDO->prepare('SELECT * FROM u...')
#1 C:\laragon\www\flores\app\middleware\Auth.php(65): Usuario->buscarPorUsername('admin@empresa.c...')
#2 C:\laragon\www\flores\app\controllers\AuthController.php(32): Auth::login('admin@empresa.c...', 'password123')
#3 C:\laragon\www\flores\public\index.php(181): AuthController->login()
#4 {main}
  thrown in C:\laragon\www\flores\app\models\Usuario.php on line 15
[07-Apr-2026 16:43:40 America/Bogota] PHP Fatal error:  Uncaught PDOException: SQLSTATE[42S02]: Base table or view not found: 1146 Table 'flores_db.usuarios' doesn't exist in C:\laragon\www\flores\app\models\Usuario.php:15
Stack trace:
#0 C:\laragon\www\flores\app\models\Usuario.php(15): PDO->prepare('SELECT * FROM u...')
#1 C:\laragon\www\flores\app\middleware\Auth.php(65): Usuario->buscarPorUsername('admin@empresa.c...')
#2 C:\laragon\www\flores\app\controllers\AuthController.php(32): Auth::login('admin@empresa.c...', 'password123')
#3 C:\laragon\www\flores\public\index.php(181): AuthController->login()
#4 {main}
  thrown in C:\laragon\www\flores\app\models\Usuario.php on line 15
